<html>
<body>
<pre>
<h1>µVision Build Log</h1>
<h2>Tool Versions:</h2>
IDE-Version: ¦ÌVision V5.38.0.0
Copyright (C) 2022 ARM Ltd and ARM Germany GmbH. All rights reserved.
License Information: zuoch,  , LIC=8VRJ7-E4WXB-WF3I7-E4LWJ-77GG3-HGRMB
 
Tool Versions:
Toolchain:       MDK-ARM Plus  Version: 5.38.0.0
Toolchain Path:  D:\ProgramFiles\Keil_v5\ARM\ARMCLANG\Bin
C Compiler:      ArmClang.exe V6.19
Assembler:       Armasm.exe V6.19
Linker/Locator:  ArmLink.exe V6.19
Library Manager: ArmAr.exe V6.19
Hex Converter:   FromElf.exe V6.19
CPU DLL:         
Dialog DLL:      
Target DLL:      CMSIS_AGDI_V8M.DLL V1.7.20.0
Dialog DLL:      TCM.DLL V1.56.4.0
 
<h2>Project:</h2>
D:\Work\stm\GD32E230C8T6\Project\template.uvprojx
Project File Date:  02/21/2023

<h2>Output:</h2>
*** Using Compiler 'V6.19', folder: 'D:\ProgramFiles\Keil_v5\ARM\ARMCLANG\Bin'
Rebuild target 'Target 1'
../User/pwmout.c(3): warning: In file included from...
../CMSIS\gd32e23x.h(214): warning: In file included from...
../User\gd32e23x_libopt.h(54): warning: In file included from...
../Libraries/Include\gd32e23x_timer.h(254): warning: padding size of 'timer_parameter_struct' with 3 bytes to alignment boundary [-Wpadded]
typedef struct
        ^
../User/pwmout.c(109): warning: no newline at end of file [-Wnewline-eof]
}
 ^
2 warnings generated.
compiling pwmout.c...
compiling systick.c...
assembling startup_gd32e23x.s...
../User/gd32e23x_it.c(58): warning: function 'HardFault_Handler' could be declared with attribute 'noreturn' [-Wmissing-noreturn]
{
^
1 warning generated.
compiling gd32e23x_it.c...
compiling system_gd32e23x.c...
../User/main.c(8): warning: no previous prototype for function 'delay' [-Wmissing-prototypes]
void delay(int time)
     ^
../User/main.c(8): note: declare 'static' if the function is not intended to be used outside of this translation unit
void delay(int time)
^
static 
../User/main.c(33): warning: no newline at end of file [-Wnewline-eof]
}
 ^
../User/main.c(32): warning: 'return' will never be executed [-Wunreachable-code-return]
    return 0;
           ^
3 warnings generated.
compiling main.c...
compiling gd32e23x_adc.c...
../User/singlepulse.c(3): warning: In file included from...
../CMSIS\gd32e23x.h(214): warning: In file included from...
../User\gd32e23x_libopt.h(54): warning: In file included from...
../Libraries/Include\gd32e23x_timer.h(254): warning: padding size of 'timer_parameter_struct' with 3 bytes to alignment boundary [-Wpadded]
typedef struct
        ^
../User/singlepulse.c(134): warning: no newline at end of file [-Wnewline-eof]
}
 ^
../User/singlepulse.c(127): warning: function 'singlepulseInit' could be declared with attribute 'noreturn' [-Wmissing-noreturn]
{
^
3 warnings generated.
compiling singlepulse.c...
compiling gd32e23x_fmc.c...
compiling gd32e23x_cmp.c...
compiling gd32e23x_gpio.c...
compiling gd32e23x_fwdgt.c...
compiling gd32e23x_dbg.c...
compiling gd32e23x_crc.c...
../Libraries/Source/gd32e23x_dma.c(37): warning: In file included from...
../Libraries/Include\gd32e23x_dma.h(117): warning: padding size of 'dma_parameter_struct' with 1 byte to alignment boundary [-Wpadded]
typedef struct
        ^
1 warning generated.
compiling gd32e23x_dma.c...
../Libraries/Source/gd32e23x_exti.c(90): warning: default label in switch which covers all enumeration values [-Wcovered-switch-default]
    default:
    ^
../Libraries/Source/gd32e23x_exti.c(108): warning: default label in switch which covers all enumeration values [-Wcovered-switch-default]
    default:
    ^
2 warnings generated.
compiling gd32e23x_exti.c...
compiling gd32e23x_spi.c...
compiling gd32e23x_pmu.c...
compiling gd32e23x_syscfg.c...
compiling gd32e23x_i2c.c...
../Libraries/Source/gd32e23x_rtc.c(37): warning: In file included from...
../Libraries/Include\gd32e23x_rtc.h(255): warning: padding struct 'rtc_parameter_struct' with 1 byte to align 'rtc_factor_asyn' [-Wpadded]
    uint16_t rtc_factor_asyn;                                                          /*!< RTC asynchronous prescaler value: 0x0 - 0x7F */
             ^
../Libraries/Include\gd32e23x_rtc.h(282): warning: padding struct 'rtc_timestamp_struct' with 2 bytes to align 'rtc_am_pm' [-Wpadded]
    uint32_t rtc_am_pm;                                                                /*!< RTC time-stamp AM/PM value */
             ^
../Libraries/Include\gd32e23x_rtc.h(293): warning: padding struct 'rtc_tamper_struct' with 3 bytes to align 'rtc_tamper_precharge_time' [-Wpadded]
    uint32_t rtc_tamper_precharge_time;                                                /*!< RTC tamper precharge duration if precharge feature is enabled */
             ^
../Libraries/Include\gd32e23x_rtc.h(286): warning: padding size of 'rtc_tamper_struct' with 3 bytes to alignment boundary [-Wpadded]
typedef struct
        ^
4 warnings generated.
compiling gd32e23x_rtc.c...
../Libraries/Source/gd32e23x_misc.c(74): warning: function 'nvic_system_reset' could be declared with attribute 'noreturn' [-Wmissing-noreturn]
{
^
1 warning generated.
compiling gd32e23x_misc.c...
../Libraries/Source/gd32e23x_rcu.c(375): warning: default label in switch which covers all enumeration values [-Wcovered-switch-default]
    default:
    ^
../Libraries/Source/gd32e23x_rcu.c(707): warning: default label in switch which covers all enumeration values [-Wcovered-switch-default]
    default:
    ^
../Libraries/Source/gd32e23x_rcu.c(780): warning: default label in switch which covers all enumeration values [-Wcovered-switch-default]
    default:
    ^
../Libraries/Source/gd32e23x_rcu.c(815): warning: default label in switch which covers all enumeration values [-Wcovered-switch-default]
    default:
    ^
../Libraries/Source/gd32e23x_rcu.c(1055): warning: default label in switch which covers all enumeration values [-Wcovered-switch-default]
    default:
    ^
5 warnings generated.
compiling gd32e23x_rcu.c...
compiling gd32e23x_wwdgt.c...
../Libraries/Source/gd32e23x_usart.c(282): warning: default label in switch which covers all enumeration values [-Wcovered-switch-default]
    default:
    ^
1 warning generated.
compiling gd32e23x_usart.c...
../Libraries/Source/gd32e23x_timer.c(37): warning: In file included from...
../Libraries/Include\gd32e23x_timer.h(254): warning: padding size of 'timer_parameter_struct' with 3 bytes to alignment boundary [-Wpadded]
typedef struct
        ^
1 warning generated.
compiling gd32e23x_timer.c...
linking...
Program Size: Code=4572 RO-data=236 RW-data=4 ZI-data=1036  
FromELF: creating hex file...
".\Objects\template.axf" - 0 Error(s), 24 Warning(s).

<h2>Software Packages used:</h2>

Package Vendor: GigaDevice
                https://gd32mcu.com/data/documents/pack/GigaDevice.GD32E23x_DFP.1.0.2.pack
                GigaDevice.GD32E23x_DFP.1.0.2
                GigaDevice GD32E23x Series Device Support and Examples

<h2>Collection of Component include folders:</h2>
  D:/ProgramFiles/Keil_v5/ARM/Packs/GigaDevice/GD32E23x_DFP/1.0.2/Device/Include

<h2>Collection of Component Files used:</h2>
Build Time Elapsed:  00:00:03
</pre>
</body>
</html>
